Tue Apr 28 05:27:34 UTC 2026
shard-0001 status=completed batch=batch_69f0436a681881909521da4344c98a52 requests=1000/1000 failed=0 output_file=file-LAXZ9UAuDhCmxCeNN67U3J
shard-0002 status=completed batch=batch_69f04379b47481908af7470b283f16d5 requests=1000/1000 failed=0 output_file=file-99N5AUCaoJZ1h1ZY1sstKQ
shard-0003 status=in_progress batch=batch_69f044e1b9d48190a205123149cb2f0e requests=466/1000 failed=0
shard-0004 status=in_progress batch=batch_69f045369d80819091bcc159faa62370 requests=0/386 failed=0
status counts: completed=2, in_progress=2
skip existing data/batches/passage-embeddings-2026-04-27-corpus-sharded/results/shard-0001.output.jsonl
skip existing data/batches/passage-embeddings-2026-04-27-corpus-sharded/results/shard-0002.output.jsonl
downloaded 0 file(s), skipped 2
shard-0001 status=failed batch=batch_69f042ab12208190bd468774870e2c3b requests=0/0 failed=0
shard-0002 status=failed batch=batch_69f042abdabc8190adb3a028177fd558 requests=0/0 failed=0
shard-0003 status=failed batch=batch_69f042acad5c8190b9f73f3fe81eb672 requests=0/0 failed=0
shard-0004 status=in_progress batch=batch_69f042ad36d881908ee3267d02e5ab05 requests=57/386 failed=0
status counts: failed=3, in_progress=1
downloaded 0 file(s), skipped 0
Tue Apr 28 05:28:37 UTC 2026
shard-0001 status=completed batch=batch_69f0436a681881909521da4344c98a52 requests=1000/1000 failed=0 output_file=file-LAXZ9UAuDhCmxCeNN67U3J
shard-0002 status=completed batch=batch_69f04379b47481908af7470b283f16d5 requests=1000/1000 failed=0 output_file=file-99N5AUCaoJZ1h1ZY1sstKQ
shard-0003 status=finalizing batch=batch_69f044e1b9d48190a205123149cb2f0e requests=1000/1000 failed=0
shard-0004 status=in_progress batch=batch_69f045369d80819091bcc159faa62370 requests=383/386 failed=0
status counts: completed=2, finalizing=1, in_progress=1
skip existing data/batches/passage-embeddings-2026-04-27-corpus-sharded/results/shard-0001.output.jsonl
skip existing data/batches/passage-embeddings-2026-04-27-corpus-sharded/results/shard-0002.output.jsonl
downloaded 0 file(s), skipped 2
shard-0001 status=failed batch=batch_69f042ab12208190bd468774870e2c3b requests=0/0 failed=0
shard-0002 status=failed batch=batch_69f042abdabc8190adb3a028177fd558 requests=0/0 failed=0
shard-0003 status=failed batch=batch_69f042acad5c8190b9f73f3fe81eb672 requests=0/0 failed=0
shard-0004 status=in_progress batch=batch_69f042ad36d881908ee3267d02e5ab05 requests=57/386 failed=0
status counts: failed=3, in_progress=1
downloaded 0 file(s), skipped 0
Tue Apr 28 05:29:40 UTC 2026
shard-0001 status=completed batch=batch_69f0436a681881909521da4344c98a52 requests=1000/1000 failed=0 output_file=file-LAXZ9UAuDhCmxCeNN67U3J
shard-0002 status=completed batch=batch_69f04379b47481908af7470b283f16d5 requests=1000/1000 failed=0 output_file=file-99N5AUCaoJZ1h1ZY1sstKQ
shard-0003 status=finalizing batch=batch_69f044e1b9d48190a205123149cb2f0e requests=1000/1000 failed=0
shard-0004 status=completed batch=batch_69f045369d80819091bcc159faa62370 requests=386/386 failed=0 output_file=file-JVxBUCaibbwCQrY7q6JeMP
status counts: completed=3, finalizing=1
skip existing data/batches/passage-embeddings-2026-04-27-corpus-sharded/results/shard-0001.output.jsonl
skip existing data/batches/passage-embeddings-2026-04-27-corpus-sharded/results/shard-0002.output.jsonl
downloaded output for shard-0004 -> data/batches/passage-embeddings-2026-04-27-corpus-sharded/results/shard-0004.output.jsonl
downloaded 1 file(s), skipped 2
shard-0001 status=failed batch=batch_69f042ab12208190bd468774870e2c3b requests=0/0 failed=0
shard-0002 status=failed batch=batch_69f042abdabc8190adb3a028177fd558 requests=0/0 failed=0
shard-0003 status=failed batch=batch_69f042acad5c8190b9f73f3fe81eb672 requests=0/0 failed=0
shard-0004 status=in_progress batch=batch_69f042ad36d881908ee3267d02e5ab05 requests=57/386 failed=0
status counts: failed=3, in_progress=1
downloaded 0 file(s), skipped 0
Tue Apr 28 05:30:46 UTC 2026
shard-0001 status=completed batch=batch_69f0436a681881909521da4344c98a52 requests=1000/1000 failed=0 output_file=file-LAXZ9UAuDhCmxCeNN67U3J
shard-0002 status=completed batch=batch_69f04379b47481908af7470b283f16d5 requests=1000/1000 failed=0 output_file=file-99N5AUCaoJZ1h1ZY1sstKQ
shard-0003 status=completed batch=batch_69f044e1b9d48190a205123149cb2f0e requests=1000/1000 failed=0 output_file=file-9nwWLvEGjPYAZEN82z9wh1
shard-0004 status=completed batch=batch_69f045369d80819091bcc159faa62370 requests=386/386 failed=0 output_file=file-JVxBUCaibbwCQrY7q6JeMP
status counts: completed=4
skip existing data/batches/passage-embeddings-2026-04-27-corpus-sharded/results/shard-0001.output.jsonl
skip existing data/batches/passage-embeddings-2026-04-27-corpus-sharded/results/shard-0002.output.jsonl
downloaded output for shard-0003 -> data/batches/passage-embeddings-2026-04-27-corpus-sharded/results/shard-0003.output.jsonl
skip existing data/batches/passage-embeddings-2026-04-27-corpus-sharded/results/shard-0004.output.jsonl
downloaded 1 file(s), skipped 3
shard-0001 status=failed batch=batch_69f042ab12208190bd468774870e2c3b requests=0/0 failed=0
shard-0002 status=failed batch=batch_69f042abdabc8190adb3a028177fd558 requests=0/0 failed=0
shard-0003 status=failed batch=batch_69f042acad5c8190b9f73f3fe81eb672 requests=0/0 failed=0
shard-0004 status=in_progress batch=batch_69f042ad36d881908ee3267d02e5ab05 requests=57/386 failed=0
status counts: failed=3, in_progress=1
downloaded 0 file(s), skipped 0
Tue Apr 28 05:32:00 UTC 2026
shard-0001 status=completed batch=batch_69f0436a681881909521da4344c98a52 requests=1000/1000 failed=0 output_file=file-LAXZ9UAuDhCmxCeNN67U3J
shard-0002 status=completed batch=batch_69f04379b47481908af7470b283f16d5 requests=1000/1000 failed=0 output_file=file-99N5AUCaoJZ1h1ZY1sstKQ
shard-0003 status=completed batch=batch_69f044e1b9d48190a205123149cb2f0e requests=1000/1000 failed=0 output_file=file-9nwWLvEGjPYAZEN82z9wh1
shard-0004 status=completed batch=batch_69f045369d80819091bcc159faa62370 requests=386/386 failed=0 output_file=file-JVxBUCaibbwCQrY7q6JeMP
status counts: completed=4
skip existing data/batches/passage-embeddings-2026-04-27-corpus-sharded/results/shard-0001.output.jsonl
skip existing data/batches/passage-embeddings-2026-04-27-corpus-sharded/results/shard-0002.output.jsonl
skip existing data/batches/passage-embeddings-2026-04-27-corpus-sharded/results/shard-0003.output.jsonl
skip existing data/batches/passage-embeddings-2026-04-27-corpus-sharded/results/shard-0004.output.jsonl
downloaded 0 file(s), skipped 4
shard-0001 status=failed batch=batch_69f042ab12208190bd468774870e2c3b requests=0/0 failed=0
shard-0002 status=failed batch=batch_69f042abdabc8190adb3a028177fd558 requests=0/0 failed=0
shard-0003 status=failed batch=batch_69f042acad5c8190b9f73f3fe81eb672 requests=0/0 failed=0
shard-0004 status=in_progress batch=batch_69f042ad36d881908ee3267d02e5ab05 requests=57/386 failed=0
status counts: failed=3, in_progress=1
downloaded 0 file(s), skipped 0
Tue Apr 28 05:33:03 UTC 2026
shard-0001 status=completed batch=batch_69f0436a681881909521da4344c98a52 requests=1000/1000 failed=0 output_file=file-LAXZ9UAuDhCmxCeNN67U3J
shard-0002 status=completed batch=batch_69f04379b47481908af7470b283f16d5 requests=1000/1000 failed=0 output_file=file-99N5AUCaoJZ1h1ZY1sstKQ
shard-0003 status=completed batch=batch_69f044e1b9d48190a205123149cb2f0e requests=1000/1000 failed=0 output_file=file-9nwWLvEGjPYAZEN82z9wh1
shard-0004 status=completed batch=batch_69f045369d80819091bcc159faa62370 requests=386/386 failed=0 output_file=file-JVxBUCaibbwCQrY7q6JeMP
status counts: completed=4
skip existing data/batches/passage-embeddings-2026-04-27-corpus-sharded/results/shard-0001.output.jsonl
skip existing data/batches/passage-embeddings-2026-04-27-corpus-sharded/results/shard-0002.output.jsonl
skip existing data/batches/passage-embeddings-2026-04-27-corpus-sharded/results/shard-0003.output.jsonl
skip existing data/batches/passage-embeddings-2026-04-27-corpus-sharded/results/shard-0004.output.jsonl
downloaded 0 file(s), skipped 4
shard-0001 status=failed batch=batch_69f042ab12208190bd468774870e2c3b requests=0/0 failed=0
shard-0002 status=failed batch=batch_69f042abdabc8190adb3a028177fd558 requests=0/0 failed=0
shard-0003 status=failed batch=batch_69f042acad5c8190b9f73f3fe81eb672 requests=0/0 failed=0
shard-0004 status=in_progress batch=batch_69f042ad36d881908ee3267d02e5ab05 requests=57/386 failed=0
status counts: failed=3, in_progress=1
downloaded 0 file(s), skipped 0
Tue Apr 28 05:34:06 UTC 2026
shard-0001 status=completed batch=batch_69f0436a681881909521da4344c98a52 requests=1000/1000 failed=0 output_file=file-LAXZ9UAuDhCmxCeNN67U3J
shard-0002 status=completed batch=batch_69f04379b47481908af7470b283f16d5 requests=1000/1000 failed=0 output_file=file-99N5AUCaoJZ1h1ZY1sstKQ
shard-0003 status=completed batch=batch_69f044e1b9d48190a205123149cb2f0e requests=1000/1000 failed=0 output_file=file-9nwWLvEGjPYAZEN82z9wh1
shard-0004 status=completed batch=batch_69f045369d80819091bcc159faa62370 requests=386/386 failed=0 output_file=file-JVxBUCaibbwCQrY7q6JeMP
status counts: completed=4
skip existing data/batches/passage-embeddings-2026-04-27-corpus-sharded/results/shard-0001.output.jsonl
skip existing data/batches/passage-embeddings-2026-04-27-corpus-sharded/results/shard-0002.output.jsonl
skip existing data/batches/passage-embeddings-2026-04-27-corpus-sharded/results/shard-0003.output.jsonl
skip existing data/batches/passage-embeddings-2026-04-27-corpus-sharded/results/shard-0004.output.jsonl
downloaded 0 file(s), skipped 4
shard-0001 status=failed batch=batch_69f042ab12208190bd468774870e2c3b requests=0/0 failed=0
shard-0002 status=failed batch=batch_69f042abdabc8190adb3a028177fd558 requests=0/0 failed=0
shard-0003 status=failed batch=batch_69f042acad5c8190b9f73f3fe81eb672 requests=0/0 failed=0
shard-0004 status=in_progress batch=batch_69f042ad36d881908ee3267d02e5ab05 requests=57/386 failed=0
status counts: failed=3, in_progress=1
downloaded 0 file(s), skipped 0
Tue Apr 28 05:35:09 UTC 2026
shard-0001 status=completed batch=batch_69f0436a681881909521da4344c98a52 requests=1000/1000 failed=0 output_file=file-LAXZ9UAuDhCmxCeNN67U3J
shard-0002 status=completed batch=batch_69f04379b47481908af7470b283f16d5 requests=1000/1000 failed=0 output_file=file-99N5AUCaoJZ1h1ZY1sstKQ
shard-0003 status=completed batch=batch_69f044e1b9d48190a205123149cb2f0e requests=1000/1000 failed=0 output_file=file-9nwWLvEGjPYAZEN82z9wh1
shard-0004 status=completed batch=batch_69f045369d80819091bcc159faa62370 requests=386/386 failed=0 output_file=file-JVxBUCaibbwCQrY7q6JeMP
status counts: completed=4
skip existing data/batches/passage-embeddings-2026-04-27-corpus-sharded/results/shard-0001.output.jsonl
skip existing data/batches/passage-embeddings-2026-04-27-corpus-sharded/results/shard-0002.output.jsonl
skip existing data/batches/passage-embeddings-2026-04-27-corpus-sharded/results/shard-0003.output.jsonl
skip existing data/batches/passage-embeddings-2026-04-27-corpus-sharded/results/shard-0004.output.jsonl
downloaded 0 file(s), skipped 4
shard-0001 status=failed batch=batch_69f042ab12208190bd468774870e2c3b requests=0/0 failed=0
shard-0002 status=failed batch=batch_69f042abdabc8190adb3a028177fd558 requests=0/0 failed=0
shard-0003 status=failed batch=batch_69f042acad5c8190b9f73f3fe81eb672 requests=0/0 failed=0
shard-0004 status=in_progress batch=batch_69f042ad36d881908ee3267d02e5ab05 requests=176/386 failed=0
status counts: failed=3, in_progress=1
downloaded 0 file(s), skipped 0
Tue Apr 28 05:36:13 UTC 2026
shard-0001 status=completed batch=batch_69f0436a681881909521da4344c98a52 requests=1000/1000 failed=0 output_file=file-LAXZ9UAuDhCmxCeNN67U3J
shard-0002 status=completed batch=batch_69f04379b47481908af7470b283f16d5 requests=1000/1000 failed=0 output_file=file-99N5AUCaoJZ1h1ZY1sstKQ
shard-0003 status=completed batch=batch_69f044e1b9d48190a205123149cb2f0e requests=1000/1000 failed=0 output_file=file-9nwWLvEGjPYAZEN82z9wh1
shard-0004 status=completed batch=batch_69f045369d80819091bcc159faa62370 requests=386/386 failed=0 output_file=file-JVxBUCaibbwCQrY7q6JeMP
status counts: completed=4
skip existing data/batches/passage-embeddings-2026-04-27-corpus-sharded/results/shard-0001.output.jsonl
skip existing data/batches/passage-embeddings-2026-04-27-corpus-sharded/results/shard-0002.output.jsonl
skip existing data/batches/passage-embeddings-2026-04-27-corpus-sharded/results/shard-0003.output.jsonl
skip existing data/batches/passage-embeddings-2026-04-27-corpus-sharded/results/shard-0004.output.jsonl
downloaded 0 file(s), skipped 4
shard-0001 status=failed batch=batch_69f042ab12208190bd468774870e2c3b requests=0/0 failed=0
shard-0002 status=failed batch=batch_69f042abdabc8190adb3a028177fd558 requests=0/0 failed=0
shard-0003 status=failed batch=batch_69f042acad5c8190b9f73f3fe81eb672 requests=0/0 failed=0
shard-0004 status=finalizing batch=batch_69f042ad36d881908ee3267d02e5ab05 requests=386/386 failed=0
status counts: failed=3, finalizing=1
downloaded 0 file(s), skipped 0
Tue Apr 28 05:37:16 UTC 2026
shard-0001 status=completed batch=batch_69f0436a681881909521da4344c98a52 requests=1000/1000 failed=0 output_file=file-LAXZ9UAuDhCmxCeNN67U3J
shard-0002 status=completed batch=batch_69f04379b47481908af7470b283f16d5 requests=1000/1000 failed=0 output_file=file-99N5AUCaoJZ1h1ZY1sstKQ
shard-0003 status=completed batch=batch_69f044e1b9d48190a205123149cb2f0e requests=1000/1000 failed=0 output_file=file-9nwWLvEGjPYAZEN82z9wh1
shard-0004 status=completed batch=batch_69f045369d80819091bcc159faa62370 requests=386/386 failed=0 output_file=file-JVxBUCaibbwCQrY7q6JeMP
status counts: completed=4
skip existing data/batches/passage-embeddings-2026-04-27-corpus-sharded/results/shard-0001.output.jsonl
skip existing data/batches/passage-embeddings-2026-04-27-corpus-sharded/results/shard-0002.output.jsonl
skip existing data/batches/passage-embeddings-2026-04-27-corpus-sharded/results/shard-0003.output.jsonl
skip existing data/batches/passage-embeddings-2026-04-27-corpus-sharded/results/shard-0004.output.jsonl
downloaded 0 file(s), skipped 4
shard-0001 status=failed batch=batch_69f042ab12208190bd468774870e2c3b requests=0/0 failed=0
shard-0002 status=failed batch=batch_69f042abdabc8190adb3a028177fd558 requests=0/0 failed=0
shard-0003 status=failed batch=batch_69f042acad5c8190b9f73f3fe81eb672 requests=0/0 failed=0
shard-0004 status=completed batch=batch_69f042ad36d881908ee3267d02e5ab05 requests=386/386 failed=0 output_file=file-EoRgBhPft9ETodiSDJNTWm
status counts: completed=1, failed=3
downloaded output for shard-0004 -> data/batches/motif-extraction-2026-04-27-corpus/results/shard-0004.output.jsonl
downloaded 1 file(s), skipped 0
Tue Apr 28 05:38:20 UTC 2026
shard-0001 status=completed batch=batch_69f0436a681881909521da4344c98a52 requests=1000/1000 failed=0 output_file=file-LAXZ9UAuDhCmxCeNN67U3J
shard-0002 status=completed batch=batch_69f04379b47481908af7470b283f16d5 requests=1000/1000 failed=0 output_file=file-99N5AUCaoJZ1h1ZY1sstKQ
shard-0003 status=completed batch=batch_69f044e1b9d48190a205123149cb2f0e requests=1000/1000 failed=0 output_file=file-9nwWLvEGjPYAZEN82z9wh1
shard-0004 status=completed batch=batch_69f045369d80819091bcc159faa62370 requests=386/386 failed=0 output_file=file-JVxBUCaibbwCQrY7q6JeMP
status counts: completed=4
skip existing data/batches/passage-embeddings-2026-04-27-corpus-sharded/results/shard-0001.output.jsonl
skip existing data/batches/passage-embeddings-2026-04-27-corpus-sharded/results/shard-0002.output.jsonl
skip existing data/batches/passage-embeddings-2026-04-27-corpus-sharded/results/shard-0003.output.jsonl
skip existing data/batches/passage-embeddings-2026-04-27-corpus-sharded/results/shard-0004.output.jsonl
downloaded 0 file(s), skipped 4
shard-0001 status=failed batch=batch_69f042ab12208190bd468774870e2c3b requests=0/0 failed=0
shard-0002 status=failed batch=batch_69f042abdabc8190adb3a028177fd558 requests=0/0 failed=0
shard-0003 status=failed batch=batch_69f042acad5c8190b9f73f3fe81eb672 requests=0/0 failed=0
shard-0004 status=completed batch=batch_69f042ad36d881908ee3267d02e5ab05 requests=386/386 failed=0 output_file=file-EoRgBhPft9ETodiSDJNTWm
status counts: completed=1, failed=3
skip existing data/batches/motif-extraction-2026-04-27-corpus/results/shard-0004.output.jsonl
downloaded 0 file(s), skipped 1
Tue Apr 28 05:39:24 UTC 2026
shard-0001 status=completed batch=batch_69f0436a681881909521da4344c98a52 requests=1000/1000 failed=0 output_file=file-LAXZ9UAuDhCmxCeNN67U3J
shard-0002 status=completed batch=batch_69f04379b47481908af7470b283f16d5 requests=1000/1000 failed=0 output_file=file-99N5AUCaoJZ1h1ZY1sstKQ
shard-0003 status=completed batch=batch_69f044e1b9d48190a205123149cb2f0e requests=1000/1000 failed=0 output_file=file-9nwWLvEGjPYAZEN82z9wh1
shard-0004 status=completed batch=batch_69f045369d80819091bcc159faa62370 requests=386/386 failed=0 output_file=file-JVxBUCaibbwCQrY7q6JeMP
status counts: completed=4
skip existing data/batches/passage-embeddings-2026-04-27-corpus-sharded/results/shard-0001.output.jsonl
skip existing data/batches/passage-embeddings-2026-04-27-corpus-sharded/results/shard-0002.output.jsonl
skip existing data/batches/passage-embeddings-2026-04-27-corpus-sharded/results/shard-0003.output.jsonl
skip existing data/batches/passage-embeddings-2026-04-27-corpus-sharded/results/shard-0004.output.jsonl
downloaded 0 file(s), skipped 4
shard-0001 status=failed batch=batch_69f042ab12208190bd468774870e2c3b requests=0/0 failed=0
shard-0002 status=failed batch=batch_69f042abdabc8190adb3a028177fd558 requests=0/0 failed=0
shard-0003 status=failed batch=batch_69f042acad5c8190b9f73f3fe81eb672 requests=0/0 failed=0
shard-0004 status=completed batch=batch_69f042ad36d881908ee3267d02e5ab05 requests=386/386 failed=0 output_file=file-EoRgBhPft9ETodiSDJNTWm
status counts: completed=1, failed=3
skip existing data/batches/motif-extraction-2026-04-27-corpus/results/shard-0004.output.jsonl
downloaded 0 file(s), skipped 1
Tue Apr 28 05:40:27 UTC 2026
shard-0001 status=completed batch=batch_69f0436a681881909521da4344c98a52 requests=1000/1000 failed=0 output_file=file-LAXZ9UAuDhCmxCeNN67U3J
shard-0002 status=completed batch=batch_69f04379b47481908af7470b283f16d5 requests=1000/1000 failed=0 output_file=file-99N5AUCaoJZ1h1ZY1sstKQ
shard-0003 status=completed batch=batch_69f044e1b9d48190a205123149cb2f0e requests=1000/1000 failed=0 output_file=file-9nwWLvEGjPYAZEN82z9wh1
shard-0004 status=completed batch=batch_69f045369d80819091bcc159faa62370 requests=386/386 failed=0 output_file=file-JVxBUCaibbwCQrY7q6JeMP
status counts: completed=4
skip existing data/batches/passage-embeddings-2026-04-27-corpus-sharded/results/shard-0001.output.jsonl
skip existing data/batches/passage-embeddings-2026-04-27-corpus-sharded/results/shard-0002.output.jsonl
skip existing data/batches/passage-embeddings-2026-04-27-corpus-sharded/results/shard-0003.output.jsonl
skip existing data/batches/passage-embeddings-2026-04-27-corpus-sharded/results/shard-0004.output.jsonl
downloaded 0 file(s), skipped 4
shard-0001 status=failed batch=batch_69f042ab12208190bd468774870e2c3b requests=0/0 failed=0
shard-0002 status=failed batch=batch_69f042abdabc8190adb3a028177fd558 requests=0/0 failed=0
shard-0003 status=failed batch=batch_69f042acad5c8190b9f73f3fe81eb672 requests=0/0 failed=0
shard-0004 status=completed batch=batch_69f042ad36d881908ee3267d02e5ab05 requests=386/386 failed=0 output_file=file-EoRgBhPft9ETodiSDJNTWm
status counts: completed=1, failed=3
skip existing data/batches/motif-extraction-2026-04-27-corpus/results/shard-0004.output.jsonl
downloaded 0 file(s), skipped 1
Tue Apr 28 05:41:30 UTC 2026
shard-0001 status=completed batch=batch_69f0436a681881909521da4344c98a52 requests=1000/1000 failed=0 output_file=file-LAXZ9UAuDhCmxCeNN67U3J
shard-0002 status=completed batch=batch_69f04379b47481908af7470b283f16d5 requests=1000/1000 failed=0 output_file=file-99N5AUCaoJZ1h1ZY1sstKQ
shard-0003 status=completed batch=batch_69f044e1b9d48190a205123149cb2f0e requests=1000/1000 failed=0 output_file=file-9nwWLvEGjPYAZEN82z9wh1
shard-0004 status=completed batch=batch_69f045369d80819091bcc159faa62370 requests=386/386 failed=0 output_file=file-JVxBUCaibbwCQrY7q6JeMP
status counts: completed=4
skip existing data/batches/passage-embeddings-2026-04-27-corpus-sharded/results/shard-0001.output.jsonl
skip existing data/batches/passage-embeddings-2026-04-27-corpus-sharded/results/shard-0002.output.jsonl
skip existing data/batches/passage-embeddings-2026-04-27-corpus-sharded/results/shard-0003.output.jsonl
skip existing data/batches/passage-embeddings-2026-04-27-corpus-sharded/results/shard-0004.output.jsonl
downloaded 0 file(s), skipped 4
shard-0001 status=failed batch=batch_69f042ab12208190bd468774870e2c3b requests=0/0 failed=0
shard-0002 status=failed batch=batch_69f042abdabc8190adb3a028177fd558 requests=0/0 failed=0
shard-0003 status=failed batch=batch_69f042acad5c8190b9f73f3fe81eb672 requests=0/0 failed=0
shard-0004 status=completed batch=batch_69f042ad36d881908ee3267d02e5ab05 requests=386/386 failed=0 output_file=file-EoRgBhPft9ETodiSDJNTWm
status counts: completed=1, failed=3
skip existing data/batches/motif-extraction-2026-04-27-corpus/results/shard-0004.output.jsonl
downloaded 0 file(s), skipped 1
Tue Apr 28 05:42:33 UTC 2026
shard-0001 status=completed batch=batch_69f0436a681881909521da4344c98a52 requests=1000/1000 failed=0 output_file=file-LAXZ9UAuDhCmxCeNN67U3J
shard-0002 status=completed batch=batch_69f04379b47481908af7470b283f16d5 requests=1000/1000 failed=0 output_file=file-99N5AUCaoJZ1h1ZY1sstKQ
shard-0003 status=completed batch=batch_69f044e1b9d48190a205123149cb2f0e requests=1000/1000 failed=0 output_file=file-9nwWLvEGjPYAZEN82z9wh1
shard-0004 status=completed batch=batch_69f045369d80819091bcc159faa62370 requests=386/386 failed=0 output_file=file-JVxBUCaibbwCQrY7q6JeMP
status counts: completed=4
skip existing data/batches/passage-embeddings-2026-04-27-corpus-sharded/results/shard-0001.output.jsonl
skip existing data/batches/passage-embeddings-2026-04-27-corpus-sharded/results/shard-0002.output.jsonl
skip existing data/batches/passage-embeddings-2026-04-27-corpus-sharded/results/shard-0003.output.jsonl
skip existing data/batches/passage-embeddings-2026-04-27-corpus-sharded/results/shard-0004.output.jsonl
downloaded 0 file(s), skipped 4
shard-0001 status=failed batch=batch_69f042ab12208190bd468774870e2c3b requests=0/0 failed=0
shard-0002 status=failed batch=batch_69f042abdabc8190adb3a028177fd558 requests=0/0 failed=0
shard-0003 status=failed batch=batch_69f042acad5c8190b9f73f3fe81eb672 requests=0/0 failed=0
shard-0004 status=completed batch=batch_69f042ad36d881908ee3267d02e5ab05 requests=386/386 failed=0 output_file=file-EoRgBhPft9ETodiSDJNTWm
status counts: completed=1, failed=3
skip existing data/batches/motif-extraction-2026-04-27-corpus/results/shard-0004.output.jsonl
downloaded 0 file(s), skipped 1
Tue Apr 28 05:43:36 UTC 2026
shard-0001 status=completed batch=batch_69f0436a681881909521da4344c98a52 requests=1000/1000 failed=0 output_file=file-LAXZ9UAuDhCmxCeNN67U3J
shard-0002 status=completed batch=batch_69f04379b47481908af7470b283f16d5 requests=1000/1000 failed=0 output_file=file-99N5AUCaoJZ1h1ZY1sstKQ
shard-0003 status=completed batch=batch_69f044e1b9d48190a205123149cb2f0e requests=1000/1000 failed=0 output_file=file-9nwWLvEGjPYAZEN82z9wh1
shard-0004 status=completed batch=batch_69f045369d80819091bcc159faa62370 requests=386/386 failed=0 output_file=file-JVxBUCaibbwCQrY7q6JeMP
status counts: completed=4
skip existing data/batches/passage-embeddings-2026-04-27-corpus-sharded/results/shard-0001.output.jsonl
skip existing data/batches/passage-embeddings-2026-04-27-corpus-sharded/results/shard-0002.output.jsonl
skip existing data/batches/passage-embeddings-2026-04-27-corpus-sharded/results/shard-0003.output.jsonl
skip existing data/batches/passage-embeddings-2026-04-27-corpus-sharded/results/shard-0004.output.jsonl
downloaded 0 file(s), skipped 4
shard-0001 status=failed batch=batch_69f042ab12208190bd468774870e2c3b requests=0/0 failed=0
shard-0002 status=failed batch=batch_69f042abdabc8190adb3a028177fd558 requests=0/0 failed=0
shard-0003 status=failed batch=batch_69f042acad5c8190b9f73f3fe81eb672 requests=0/0 failed=0
shard-0004 status=completed batch=batch_69f042ad36d881908ee3267d02e5ab05 requests=386/386 failed=0 output_file=file-EoRgBhPft9ETodiSDJNTWm
status counts: completed=1, failed=3
skip existing data/batches/motif-extraction-2026-04-27-corpus/results/shard-0004.output.jsonl
downloaded 0 file(s), skipped 1
Tue Apr 28 05:44:39 UTC 2026
shard-0001 status=completed batch=batch_69f0436a681881909521da4344c98a52 requests=1000/1000 failed=0 output_file=file-LAXZ9UAuDhCmxCeNN67U3J
shard-0002 status=completed batch=batch_69f04379b47481908af7470b283f16d5 requests=1000/1000 failed=0 output_file=file-99N5AUCaoJZ1h1ZY1sstKQ
shard-0003 status=completed batch=batch_69f044e1b9d48190a205123149cb2f0e requests=1000/1000 failed=0 output_file=file-9nwWLvEGjPYAZEN82z9wh1
shard-0004 status=completed batch=batch_69f045369d80819091bcc159faa62370 requests=386/386 failed=0 output_file=file-JVxBUCaibbwCQrY7q6JeMP
status counts: completed=4
skip existing data/batches/passage-embeddings-2026-04-27-corpus-sharded/results/shard-0001.output.jsonl
skip existing data/batches/passage-embeddings-2026-04-27-corpus-sharded/results/shard-0002.output.jsonl
skip existing data/batches/passage-embeddings-2026-04-27-corpus-sharded/results/shard-0003.output.jsonl
skip existing data/batches/passage-embeddings-2026-04-27-corpus-sharded/results/shard-0004.output.jsonl
downloaded 0 file(s), skipped 4
shard-0001 status=failed batch=batch_69f042ab12208190bd468774870e2c3b requests=0/0 failed=0
shard-0002 status=failed batch=batch_69f042abdabc8190adb3a028177fd558 requests=0/0 failed=0
shard-0003 status=failed batch=batch_69f042acad5c8190b9f73f3fe81eb672 requests=0/0 failed=0
shard-0004 status=completed batch=batch_69f042ad36d881908ee3267d02e5ab05 requests=386/386 failed=0 output_file=file-EoRgBhPft9ETodiSDJNTWm
status counts: completed=1, failed=3
skip existing data/batches/motif-extraction-2026-04-27-corpus/results/shard-0004.output.jsonl
downloaded 0 file(s), skipped 1
Tue Apr 28 05:45:43 UTC 2026
shard-0001 status=completed batch=batch_69f0436a681881909521da4344c98a52 requests=1000/1000 failed=0 output_file=file-LAXZ9UAuDhCmxCeNN67U3J
shard-0002 status=completed batch=batch_69f04379b47481908af7470b283f16d5 requests=1000/1000 failed=0 output_file=file-99N5AUCaoJZ1h1ZY1sstKQ
shard-0003 status=completed batch=batch_69f044e1b9d48190a205123149cb2f0e requests=1000/1000 failed=0 output_file=file-9nwWLvEGjPYAZEN82z9wh1
shard-0004 status=completed batch=batch_69f045369d80819091bcc159faa62370 requests=386/386 failed=0 output_file=file-JVxBUCaibbwCQrY7q6JeMP
status counts: completed=4
skip existing data/batches/passage-embeddings-2026-04-27-corpus-sharded/results/shard-0001.output.jsonl
skip existing data/batches/passage-embeddings-2026-04-27-corpus-sharded/results/shard-0002.output.jsonl
skip existing data/batches/passage-embeddings-2026-04-27-corpus-sharded/results/shard-0003.output.jsonl
skip existing data/batches/passage-embeddings-2026-04-27-corpus-sharded/results/shard-0004.output.jsonl
downloaded 0 file(s), skipped 4
shard-0001 status=failed batch=batch_69f042ab12208190bd468774870e2c3b requests=0/0 failed=0
shard-0002 status=failed batch=batch_69f042abdabc8190adb3a028177fd558 requests=0/0 failed=0
shard-0003 status=failed batch=batch_69f042acad5c8190b9f73f3fe81eb672 requests=0/0 failed=0
shard-0004 status=completed batch=batch_69f042ad36d881908ee3267d02e5ab05 requests=386/386 failed=0 output_file=file-EoRgBhPft9ETodiSDJNTWm
status counts: completed=1, failed=3
skip existing data/batches/motif-extraction-2026-04-27-corpus/results/shard-0004.output.jsonl
downloaded 0 file(s), skipped 1
Tue Apr 28 05:46:46 UTC 2026
shard-0001 status=completed batch=batch_69f0436a681881909521da4344c98a52 requests=1000/1000 failed=0 output_file=file-LAXZ9UAuDhCmxCeNN67U3J
shard-0002 status=completed batch=batch_69f04379b47481908af7470b283f16d5 requests=1000/1000 failed=0 output_file=file-99N5AUCaoJZ1h1ZY1sstKQ
shard-0003 status=completed batch=batch_69f044e1b9d48190a205123149cb2f0e requests=1000/1000 failed=0 output_file=file-9nwWLvEGjPYAZEN82z9wh1
shard-0004 status=completed batch=batch_69f045369d80819091bcc159faa62370 requests=386/386 failed=0 output_file=file-JVxBUCaibbwCQrY7q6JeMP
status counts: completed=4
skip existing data/batches/passage-embeddings-2026-04-27-corpus-sharded/results/shard-0001.output.jsonl
skip existing data/batches/passage-embeddings-2026-04-27-corpus-sharded/results/shard-0002.output.jsonl
skip existing data/batches/passage-embeddings-2026-04-27-corpus-sharded/results/shard-0003.output.jsonl
skip existing data/batches/passage-embeddings-2026-04-27-corpus-sharded/results/shard-0004.output.jsonl
downloaded 0 file(s), skipped 4
shard-0001 status=failed batch=batch_69f042ab12208190bd468774870e2c3b requests=0/0 failed=0
shard-0002 status=failed batch=batch_69f042abdabc8190adb3a028177fd558 requests=0/0 failed=0
shard-0003 status=failed batch=batch_69f042acad5c8190b9f73f3fe81eb672 requests=0/0 failed=0
shard-0004 status=completed batch=batch_69f042ad36d881908ee3267d02e5ab05 requests=386/386 failed=0 output_file=file-EoRgBhPft9ETodiSDJNTWm
status counts: completed=1, failed=3
skip existing data/batches/motif-extraction-2026-04-27-corpus/results/shard-0004.output.jsonl
downloaded 0 file(s), skipped 1
Tue Apr 28 05:47:49 UTC 2026
shard-0001 status=completed batch=batch_69f0436a681881909521da4344c98a52 requests=1000/1000 failed=0 output_file=file-LAXZ9UAuDhCmxCeNN67U3J
shard-0002 status=completed batch=batch_69f04379b47481908af7470b283f16d5 requests=1000/1000 failed=0 output_file=file-99N5AUCaoJZ1h1ZY1sstKQ
shard-0003 status=completed batch=batch_69f044e1b9d48190a205123149cb2f0e requests=1000/1000 failed=0 output_file=file-9nwWLvEGjPYAZEN82z9wh1
shard-0004 status=completed batch=batch_69f045369d80819091bcc159faa62370 requests=386/386 failed=0 output_file=file-JVxBUCaibbwCQrY7q6JeMP
status counts: completed=4
skip existing data/batches/passage-embeddings-2026-04-27-corpus-sharded/results/shard-0001.output.jsonl
skip existing data/batches/passage-embeddings-2026-04-27-corpus-sharded/results/shard-0002.output.jsonl
skip existing data/batches/passage-embeddings-2026-04-27-corpus-sharded/results/shard-0003.output.jsonl
skip existing data/batches/passage-embeddings-2026-04-27-corpus-sharded/results/shard-0004.output.jsonl
downloaded 0 file(s), skipped 4
shard-0001 status=failed batch=batch_69f042ab12208190bd468774870e2c3b requests=0/0 failed=0
shard-0002 status=failed batch=batch_69f042abdabc8190adb3a028177fd558 requests=0/0 failed=0
shard-0003 status=failed batch=batch_69f042acad5c8190b9f73f3fe81eb672 requests=0/0 failed=0
shard-0004 status=completed batch=batch_69f042ad36d881908ee3267d02e5ab05 requests=386/386 failed=0 output_file=file-EoRgBhPft9ETodiSDJNTWm
status counts: completed=1, failed=3
skip existing data/batches/motif-extraction-2026-04-27-corpus/results/shard-0004.output.jsonl
downloaded 0 file(s), skipped 1
Tue Apr 28 05:48:52 UTC 2026
shard-0001 status=completed batch=batch_69f0436a681881909521da4344c98a52 requests=1000/1000 failed=0 output_file=file-LAXZ9UAuDhCmxCeNN67U3J
shard-0002 status=completed batch=batch_69f04379b47481908af7470b283f16d5 requests=1000/1000 failed=0 output_file=file-99N5AUCaoJZ1h1ZY1sstKQ
shard-0003 status=completed batch=batch_69f044e1b9d48190a205123149cb2f0e requests=1000/1000 failed=0 output_file=file-9nwWLvEGjPYAZEN82z9wh1
shard-0004 status=completed batch=batch_69f045369d80819091bcc159faa62370 requests=386/386 failed=0 output_file=file-JVxBUCaibbwCQrY7q6JeMP
status counts: completed=4
skip existing data/batches/passage-embeddings-2026-04-27-corpus-sharded/results/shard-0001.output.jsonl
skip existing data/batches/passage-embeddings-2026-04-27-corpus-sharded/results/shard-0002.output.jsonl
skip existing data/batches/passage-embeddings-2026-04-27-corpus-sharded/results/shard-0003.output.jsonl
skip existing data/batches/passage-embeddings-2026-04-27-corpus-sharded/results/shard-0004.output.jsonl
downloaded 0 file(s), skipped 4
shard-0001 status=failed batch=batch_69f042ab12208190bd468774870e2c3b requests=0/0 failed=0
shard-0002 status=failed batch=batch_69f042abdabc8190adb3a028177fd558 requests=0/0 failed=0
shard-0003 status=failed batch=batch_69f042acad5c8190b9f73f3fe81eb672 requests=0/0 failed=0
shard-0004 status=completed batch=batch_69f042ad36d881908ee3267d02e5ab05 requests=386/386 failed=0 output_file=file-EoRgBhPft9ETodiSDJNTWm
status counts: completed=1, failed=3
skip existing data/batches/motif-extraction-2026-04-27-corpus/results/shard-0004.output.jsonl
downloaded 0 file(s), skipped 1
Tue Apr 28 05:49:55 UTC 2026
shard-0001 status=completed batch=batch_69f0436a681881909521da4344c98a52 requests=1000/1000 failed=0 output_file=file-LAXZ9UAuDhCmxCeNN67U3J
shard-0002 status=completed batch=batch_69f04379b47481908af7470b283f16d5 requests=1000/1000 failed=0 output_file=file-99N5AUCaoJZ1h1ZY1sstKQ
shard-0003 status=completed batch=batch_69f044e1b9d48190a205123149cb2f0e requests=1000/1000 failed=0 output_file=file-9nwWLvEGjPYAZEN82z9wh1
shard-0004 status=completed batch=batch_69f045369d80819091bcc159faa62370 requests=386/386 failed=0 output_file=file-JVxBUCaibbwCQrY7q6JeMP
status counts: completed=4
skip existing data/batches/passage-embeddings-2026-04-27-corpus-sharded/results/shard-0001.output.jsonl
skip existing data/batches/passage-embeddings-2026-04-27-corpus-sharded/results/shard-0002.output.jsonl
skip existing data/batches/passage-embeddings-2026-04-27-corpus-sharded/results/shard-0003.output.jsonl
skip existing data/batches/passage-embeddings-2026-04-27-corpus-sharded/results/shard-0004.output.jsonl
downloaded 0 file(s), skipped 4
shard-0001 status=failed batch=batch_69f042ab12208190bd468774870e2c3b requests=0/0 failed=0
shard-0002 status=failed batch=batch_69f042abdabc8190adb3a028177fd558 requests=0/0 failed=0
shard-0003 status=failed batch=batch_69f042acad5c8190b9f73f3fe81eb672 requests=0/0 failed=0
shard-0004 status=completed batch=batch_69f042ad36d881908ee3267d02e5ab05 requests=386/386 failed=0 output_file=file-EoRgBhPft9ETodiSDJNTWm
status counts: completed=1, failed=3
skip existing data/batches/motif-extraction-2026-04-27-corpus/results/shard-0004.output.jsonl
downloaded 0 file(s), skipped 1
Tue Apr 28 05:50:59 UTC 2026
shard-0001 status=completed batch=batch_69f0436a681881909521da4344c98a52 requests=1000/1000 failed=0 output_file=file-LAXZ9UAuDhCmxCeNN67U3J
shard-0002 status=completed batch=batch_69f04379b47481908af7470b283f16d5 requests=1000/1000 failed=0 output_file=file-99N5AUCaoJZ1h1ZY1sstKQ
shard-0003 status=completed batch=batch_69f044e1b9d48190a205123149cb2f0e requests=1000/1000 failed=0 output_file=file-9nwWLvEGjPYAZEN82z9wh1
shard-0004 status=completed batch=batch_69f045369d80819091bcc159faa62370 requests=386/386 failed=0 output_file=file-JVxBUCaibbwCQrY7q6JeMP
status counts: completed=4
skip existing data/batches/passage-embeddings-2026-04-27-corpus-sharded/results/shard-0001.output.jsonl
skip existing data/batches/passage-embeddings-2026-04-27-corpus-sharded/results/shard-0002.output.jsonl
skip existing data/batches/passage-embeddings-2026-04-27-corpus-sharded/results/shard-0003.output.jsonl
skip existing data/batches/passage-embeddings-2026-04-27-corpus-sharded/results/shard-0004.output.jsonl
downloaded 0 file(s), skipped 4
shard-0001 status=failed batch=batch_69f042ab12208190bd468774870e2c3b requests=0/0 failed=0
shard-0002 status=failed batch=batch_69f042abdabc8190adb3a028177fd558 requests=0/0 failed=0
shard-0003 status=failed batch=batch_69f042acad5c8190b9f73f3fe81eb672 requests=0/0 failed=0
shard-0004 status=completed batch=batch_69f042ad36d881908ee3267d02e5ab05 requests=386/386 failed=0 output_file=file-EoRgBhPft9ETodiSDJNTWm
status counts: completed=1, failed=3
skip existing data/batches/motif-extraction-2026-04-27-corpus/results/shard-0004.output.jsonl
downloaded 0 file(s), skipped 1
Tue Apr 28 05:52:02 UTC 2026
shard-0001 status=completed batch=batch_69f0436a681881909521da4344c98a52 requests=1000/1000 failed=0 output_file=file-LAXZ9UAuDhCmxCeNN67U3J
shard-0002 status=completed batch=batch_69f04379b47481908af7470b283f16d5 requests=1000/1000 failed=0 output_file=file-99N5AUCaoJZ1h1ZY1sstKQ
shard-0003 status=completed batch=batch_69f044e1b9d48190a205123149cb2f0e requests=1000/1000 failed=0 output_file=file-9nwWLvEGjPYAZEN82z9wh1
shard-0004 status=completed batch=batch_69f045369d80819091bcc159faa62370 requests=386/386 failed=0 output_file=file-JVxBUCaibbwCQrY7q6JeMP
status counts: completed=4
skip existing data/batches/passage-embeddings-2026-04-27-corpus-sharded/results/shard-0001.output.jsonl
skip existing data/batches/passage-embeddings-2026-04-27-corpus-sharded/results/shard-0002.output.jsonl
skip existing data/batches/passage-embeddings-2026-04-27-corpus-sharded/results/shard-0003.output.jsonl
skip existing data/batches/passage-embeddings-2026-04-27-corpus-sharded/results/shard-0004.output.jsonl
downloaded 0 file(s), skipped 4
shard-0001 status=failed batch=batch_69f042ab12208190bd468774870e2c3b requests=0/0 failed=0
shard-0002 status=failed batch=batch_69f042abdabc8190adb3a028177fd558 requests=0/0 failed=0
shard-0003 status=failed batch=batch_69f042acad5c8190b9f73f3fe81eb672 requests=0/0 failed=0
shard-0004 status=completed batch=batch_69f042ad36d881908ee3267d02e5ab05 requests=386/386 failed=0 output_file=file-EoRgBhPft9ETodiSDJNTWm
status counts: completed=1, failed=3
skip existing data/batches/motif-extraction-2026-04-27-corpus/results/shard-0004.output.jsonl
downloaded 0 file(s), skipped 1
Tue Apr 28 05:53:05 UTC 2026
shard-0001 status=completed batch=batch_69f0436a681881909521da4344c98a52 requests=1000/1000 failed=0 output_file=file-LAXZ9UAuDhCmxCeNN67U3J
shard-0002 status=completed batch=batch_69f04379b47481908af7470b283f16d5 requests=1000/1000 failed=0 output_file=file-99N5AUCaoJZ1h1ZY1sstKQ
shard-0003 status=completed batch=batch_69f044e1b9d48190a205123149cb2f0e requests=1000/1000 failed=0 output_file=file-9nwWLvEGjPYAZEN82z9wh1
shard-0004 status=completed batch=batch_69f045369d80819091bcc159faa62370 requests=386/386 failed=0 output_file=file-JVxBUCaibbwCQrY7q6JeMP
status counts: completed=4
skip existing data/batches/passage-embeddings-2026-04-27-corpus-sharded/results/shard-0001.output.jsonl
skip existing data/batches/passage-embeddings-2026-04-27-corpus-sharded/results/shard-0002.output.jsonl
skip existing data/batches/passage-embeddings-2026-04-27-corpus-sharded/results/shard-0003.output.jsonl
skip existing data/batches/passage-embeddings-2026-04-27-corpus-sharded/results/shard-0004.output.jsonl
downloaded 0 file(s), skipped 4
shard-0001 status=failed batch=batch_69f042ab12208190bd468774870e2c3b requests=0/0 failed=0
shard-0002 status=failed batch=batch_69f042abdabc8190adb3a028177fd558 requests=0/0 failed=0
shard-0003 status=failed batch=batch_69f042acad5c8190b9f73f3fe81eb672 requests=0/0 failed=0
shard-0004 status=completed batch=batch_69f042ad36d881908ee3267d02e5ab05 requests=386/386 failed=0 output_file=file-EoRgBhPft9ETodiSDJNTWm
status counts: completed=1, failed=3
skip existing data/batches/motif-extraction-2026-04-27-corpus/results/shard-0004.output.jsonl
downloaded 0 file(s), skipped 1
